// Jest Snapshot v1, https://goo.gl/fbAQLP

exports[`Menu Component component rendering | snapshot 1`] = `
<nav
  className="sc-bczRLJ gIEkxD"
>
  <a
    href="/trainers/"
    onClick={[Function]}
  >
    Home
  </a>
  <a
    href="/trainers/pokedex"
    onClick={[Function]}
  >
    Pok√©dex
  </a>
  <a
    href="/trainers/favorites"
    onClick={[Function]}
  >
    Menu.fav
  </a>
</nav>
`;
